Hour_Zero_header.h:6:6:Zero_0	64	static
Hour_Zero_header.h:381:6:Zero_1	64	static
Hour_Zero_header.h:810:6:Zero_2	64	static
Hour_Zero_header.h:1230:6:Zero_3	64	static
Hour_Zero_header.h:1650:6:Zero_4	64	static
Hour_Zero_header.h:2070:1:Zero_5	64	static
Hour_Zero_header.h:2496:6:Zero_6	64	static
Hour_Zero_header.h:2861:6:Zero_7	64	static
Hour_Zero_header.h:3286:6:Zero_8	64	static
Hour_Zero_header.h:3703:6:Zero_9	64	static
Hour_Zero_header.h:4120:6:Zero_10	64	static
Hour_Zero_header.h:4537:6:Zero_11	64	static
main.c:65:5:main	24	static
main.c:148:6:setNumberOnClock	16	static
main.c:193:6:clearAllClock	8	static
main.c:207:6:delay	24	static
main.c:220:6:SystemClock_Config	72	static
main.c:256:13:MX_GPIO_Init	40	static
main.c:297:6:Error_Handler	4	static,ignoring_inline_asm
