main.c:69:6:HAL_UART_RxCpltCallback	16	static
main.c:94:6:setTimer0	16	static
main.c:98:6:timer_run	4	static
main.c:105:6:command_parser_fsm	16	static
main.c:148:6:uart_communiation_fsm	4	static
main.c:157:5:main	24	static
main.c:237:6:SystemClock_Config	88	static
main.c:280:13:MX_ADC1_Init	24	static
main.c:325:13:MX_TIM2_Init	32	static
main.c:370:13:MX_USART2_UART_Init	8	static
main.c:403:13:MX_GPIO_Init	32	static
main.c:423:6:HAL_TIM_PeriodElapsedCallback	16	static
main.c:434:6:Error_Handler	4	static,ignoring_inline_asm
