main.c:63:6:LED_Flash_Init	8	static
main.c:72:6:task1	8	static
main.c:77:6:task2	8	static
main.c:81:6:task3	8	static
main.c:85:6:task4	8	static
main.c:89:6:task5	8	static
main.c:99:6:setTimer0	16	static
main.c:105:6:timer_run	4	static
main.c:121:5:main	16	static
main.c:168:6:debugPrintln	40	static
main.c:182:6:SystemClock_Config	72	static
main.c:218:13:MX_TIM2_Init	32	static
main.c:263:13:MX_USART1_UART_Init	8	static
main.c:296:13:MX_GPIO_Init	32	static
main.c:322:6:HAL_TIM_PeriodElapsedCallback	16	static
main.c:338:6:Error_Handler	4	static,ignoring_inline_asm
